// Jest Snapshot v1, https://goo.gl/fbAQLP

exports[`Home matches the Dorm page Snapshot 1`] = `
<div>
  <div>
    <div
      class="mantine-Container-root mantine-len9jq"
    >
      <form>
        <div
          class="mantine-Group-root mantine-q21ep2"
        >
          <div
            class="mantine-TextInput-root mantine-Group-child mantine-919xyt"
          >
            <label
              class="mantine-riils3 mantine-TextInput-label"
              for="mantine-6np6vi7ul"
              id="mantine-6np6vi7ul-label"
            >
              Search
            </label>
            <div
              class="mantine-TextInput-wrapper mantine-12sbrde"
            >
              <div
                class="mantine-1hseney mantine-TextInput-icon"
              >
                <svg
                  class="icon icon-tabler icon-tabler-search"
                  fill="none"
                  height="24"
                  stroke="currentColor"
                  stroke-linecap="round"
                  stroke-linejoin="round"
                  stroke-width="2"
                  viewBox="0 0 24 24"
                  width="24"
                  xmlns="http://www.w3.org/2000/svg"
                >
                  <path
                    d="M0 0h24v24H0z"
                    fill="none"
                    stroke="none"
                  />
                  <circle
                    cx="10"
                    cy="10"
                    r="7"
                  />
                  <line
                    x1="21"
                    x2="15"
                    y1="21"
                    y2="15"
                  />
                </svg>
              </div>
              <input
                aria-invalid="false"
                class="mantine-TextInput-defaultVariant mantine-TextInput-input mantine-TextInput-withIcon mantine-riw2j3"
                id="mantine-6np6vi7ul"
                placeholder="Search for a home"
                type="text"
                value=""
              />
            </div>
          </div>
        </div>
      </form>
    </div>
    <div
      class="mantine-8od8ev"
    >
      <div
        class="mantine-Alert-root mantine-Alert-light mantine-tloqvs"
      >
        <div
          class="mantine-17do188 mantine-Alert-wrapper"
        >
          <div
            class="mantine-soroux mantine-Alert-icon"
          >
            <svg
              class="icon icon-tabler icon-tabler-alert-circle"
              fill="none"
              height="16"
              stroke="currentColor"
              stroke-linecap="round"
              stroke-linejoin="round"
              stroke-width="2"
              viewBox="0 0 24 24"
              width="16"
              xmlns="http://www.w3.org/2000/svg"
            >
              <path
                d="M0 0h24v24H0z"
                fill="none"
                stroke="none"
              />
              <circle
                cx="12"
                cy="12"
                r="9"
              />
              <line
                x1="12"
                x2="12"
                y1="8"
                y2="12"
              />
              <line
                x1="12"
                x2="12.01"
                y1="16"
                y2="16"
              />
            </svg>
          </div>
          <div
            class="mantine-1eawhj0 mantine-Alert-body"
          >
            <div
              class="mantine-lbapkq mantine-Alert-title"
            >
              <span
                class="mantine-194kea0 mantine-Alert-label"
              >
                Bummer!
              </span>
            </div>
            <div
              class="mantine-kgnty3 mantine-Alert-message"
            >
              Sorry but no Dorm has been found.
              <div
                class="mantine-a9v14h"
              />
              Please try different parameters
            </div>
          </div>
        </div>
      </div>
    </div>
  </div>
</div>
`;
