// Jest Snapshot v1, https://goo.gl/fbAQLP

exports[`Layout component tests matches the Snapshot 1`] = `
<div>
  <div
    class="mantine-AppShell-root mantine-osix87"
  >
    <nav
      class="mantine-Header-root mantine-3zo516"
    >
      <div
        class="mantine-Group-root mantine-14eqvt3"
      >
        <a
          class="mantine-Text-root mantine-Anchor-root mantine-Group-child mantine-dpgj8d"
          href="/"
        >
          <div
            class="mantine-Text-root mantine-1cau8qt"
          >
            EmuAccom
          </div>
        </a>
        <div
          class="mantine-Group-root mantine-Group-child mantine-zah578"
        >
          <button
            class="mantine-ActionIcon-default mantine-ActionIcon-root mantine-Group-child mantine-x129ol"
            type="button"
          >
            <svg
              class="icon icon-tabler icon-tabler-moon-stars"
              fill="none"
              height="16"
              stroke="currentColor"
              stroke-linecap="round"
              stroke-linejoin="round"
              stroke-width="2"
              viewBox="0 0 24 24"
              width="16"
              xmlns="http://www.w3.org/2000/svg"
            >
              <path
                d="M0 0h24v24H0z"
                fill="none"
                stroke="none"
              />
              <path
                d="M12 3c.132 0 .263 0 .393 0a7.5 7.5 0 0 0 7.92 12.446a9 9 0 1 1 -8.313 -12.454z"
              />
              <path
                d="M17 4a2 2 0 0 0 2 2a2 2 0 0 0 -2 2a2 2 0 0 0 -2 -2a2 2 0 0 0 2 -2"
              />
              <path
                d="M19 11h2m-1 -1v2"
              />
            </svg>
          </button>
          <div
            class="mantine-Menu-root mantine-193ey9s"
          >
            <div
              aria-controls="mantine-r8lw2517j"
              aria-expanded="false"
              aria-haspopup="menu"
              class="mantine-Button-light mantine-Button-root mantine-z0i7nx"
              role="button"
              type="button"
            >
              <div
                class="mantine-3xbgk5 mantine-Button-inner"
              >
                <span
                  class="mantine-qo1k2 mantine-Button-label"
                >
                  <button
                    class="mantine-Burger-root mantine-1adtno5"
                    title="Open menu"
                    type="button"
                  >
                    <div
                      class="mantine-1asblv6 mantine-Burger-burger"
                    />
                  </button>
                  <svg
                    class="icon icon-tabler icon-tabler-user"
                    fill="none"
                    height="24"
                    stroke="currentColor"
                    stroke-linecap="round"
                    stroke-linejoin="round"
                    stroke-width="2"
                    viewBox="0 0 24 24"
                    width="24"
                    xmlns="http://www.w3.org/2000/svg"
                  >
                    <path
                      d="M0 0h24v24H0z"
                      fill="none"
                      stroke="none"
                    />
                    <circle
                      cx="12"
                      cy="7"
                      r="4"
                    />
                    <path
                      d="M6 21v-2a4 4 0 0 1 4 -4h4a4 4 0 0 1 4 4v2"
                    />
                  </svg>
                </span>
              </div>
            </div>
          </div>
        </div>
      </div>
    </nav>
    <div
      class="mantine-ibbm6b mantine-AppShell-body"
    >
      <main
        class="mantine-1uearfw mantine-AppShell-main"
      >
        <div>
          test child
        </div>
      </main>
    </div>
  </div>
</div>
`;
