// Jest Snapshot v1, https://goo.gl/fbAQLP

exports[`Footer component tests matches the Snapshot 1`] = `
<div>
  <footer
    class="mantine-Navbar-root footer mantine-m5tmpz"
  >
    <div
      class="mantine-Group-root mantine-118vd37"
    >
      <div
        class="mantine-Text-root mantine-Group-child mantine-1n98gqk"
      >
        EmuAccom - Group 5 
        <span>
          © 
          2022
        </span>
      </div>
      <div
        class="mantine-Group-root mantine-Group-child mantine-1ynxbnu"
      >
        <a
          class="mantine-Button-filled mantine-Button-root mantine-Group-child mantine-18s7ox8"
          href="https://github.com/ickynavigator/EmuAccom-FE"
          rel="noopener noreferrer"
          target="_blank"
          type="button"
        >
          <div
            class="mantine-3xbgk5 mantine-Button-inner"
          >
            <span
              class="mantine-qo1k2 mantine-Button-label"
            >
              Frontend source code
            </span>
          </div>
        </a>
        <a
          class="mantine-Button-filled mantine-Button-root mantine-Group-child mantine-18s7ox8"
          href="https://github.com/ickynavigator/EmuAccom-BE"
          rel="noopener noreferrer"
          target="_blank"
          type="button"
        >
          <div
            class="mantine-3xbgk5 mantine-Button-inner"
          >
            <span
              class="mantine-qo1k2 mantine-Button-label"
            >
              Backend source code
            </span>
          </div>
        </a>
      </div>
    </div>
  </footer>
</div>
`;
